CREATE EXTENSION pg_reject_truncate;
---
--- set up a table
---
CREATE TABLE pg_reject_truncate_test (
	id INTEGER
);
INSERT INTO pg_reject_truncate_test VALUES(1);
--- check the contents of the table
SELECT * FROM pg_reject_truncate_test;
 id 
----
  1
(1 row)

--- truncate
TRUNCATE pg_reject_truncate_test;
ERROR:  TRUNCATE IS NOT ALLOWED
--- check table still exists and  recheck the contents of the table
SELECT * FROM pg_reject_truncate_test;
 id 
----
  1
(1 row)

DROP EXTENSION pg_reject_truncate;
